WARNING in ./compat/stop-propagation/index.jsx
Module Warning (from ../../lib/loaders/background.js):
BROKEN: e.stopPropagation() takes no effect and MUST be migrated in ReactLynx 3.0
