WARNING in ./jsx/unknown-css-property/index.jsxâš  ModuleWarning: [33mâ–² [43;33m[[43;30mWARNING[43;33m][0m [1mUnknown css property, fallbak to SetInlineStyle[0m [1m[35m[plugin react:webpack][0mjsx/unknown-css-property/index.jsx:2:24:[37m      2    return <view style={{ [32m'unknown-non-exist-property'[37m: 'foo' }}></view>â•µ                         [32m~~~~~~~~~~~~~~~~~~~~~~~~~~~~[0m(from: <PROJECT_ROOT>/packages/react-webpack-plugin/src/loader.js??ruleSet[1].rules[0].use[1])at Object.emitWarning (<PROJECT_ROOT>/node_modules/<PNPM_INNER>/@rspack/core/dist/loader-runner/index.js:535:27)at file://<PROJECT_ROOT>/packages/react-webpack-plugin/src/loader.ts:311:12at processTicksAndRejections (node:internal/process/task_queues:95:5)