WARNING in ./jsx/unknown-css-property/index.jsx
Module Warning (from ../../src/loader.js):
[33mâ–² [43;33m[[43;30mWARNING[43;33m][0m [1mUnknown css property, fallbak to SetInlineStyle[0m [1m[35m[plugin react:webpack][0m

    jsx/unknown-css-property/index.jsx:2:24:
[37m      2 â”‚   return <view style={{ [32m'unknown-non-exist-property'[37m: 'foo' }}></view>
        â•µ                         [32m~~~~~~~~~~~~~~~~~~~~~~~~~~~~[0m
