WARNING in ./compat/get-node-ref/index.jsx
Module Warning (from ../../lib/loaders/background.js):
BROKEN: getNodeRef on component instance is broken and MUST be migrated in ReactLynx 3.0, please use ref or lynx.createSelectorQuery instead.

WARNING in ./compat/get-node-ref/index.jsx
Module Warning (from ../../lib/loaders/background.js):
BROKEN: getNodeRefFromRoot on component instance is broken and MUST be migrated in ReactLynx 3.0, please use ref or lynx.createSelectorQuery instead.
