WARNING in ./compat/utf-8/index.jsx
Module Warning (from ../../lib/loaders/background.js):
DEPRECATED: old JSXElementName "Text" is changed to "text"

WARNING in ./compat/utf-8/index.jsx
Module Warning (from ../../lib/loaders/background.js):
DEPRECATED: old JSXElementName "Text" is changed to "text"

WARNING in ./compat/utf-8/index.jsx
Module Warning (from ../../lib/loaders/background.js):
DEPRECATED: old package "@lynx-js/react-components" is removed
